comment	// abc
comment	/* multi
*/
comment	/* ** / * /*/
comment	// */
comment	/* // */
