intlit	123
intlit	0
intlit	-0
intlit	-54321
intlit	007
