intlit	123
lt	<
intlit	456
comment	/*hi*/
stringlit	"abc"
add	+
stringlit	"\n"
if	if
lparen	(
ident	x
equals	==
ident	y
and	&&
ident	__cRaZ__Y
rparen	)
ident	c
increment	++
semi	;
ident	d
assign	=
intlit	5
semi	;
